---
blessing:
reason: "Document-level record with one map of records field letter, with a single record type with all the fields of the union of records"
source: genson-cli/tests/map_of_unified_records.rs
expression: stdout_str
info:
  args:
    - "--ndjson"
    - "--map-threshold"
    - "5"
    - "--unify-maps"
  input:
    - letter:
        a:
          alphabet: 0
          vowel: 0
          frequency: 0.0817
    - letter:
        b:
          alphabet: 1
          consonant: 0
          frequency: 0.015
    - letter:
        c:
          alphabet: 2
          consonant: 1
          frequency: 0.0278
    - letter:
        d:
          alphabet: 3
          consonant: 2
          frequency: 0.0425
    - letter:
        e:
          alphabet: 4
          vowel: 4
          frequency: 0.127
---
{
  "$schema": "http://json-schema.org/schema#",
  "properties": {
    "letter": {
      "type": "object",
      "additionalProperties": {
        "type": "object",
        "properties": {
          "alphabet": {
            "type": "integer"
          },
          "frequency": {
            "type": "number"
          },
          "vowel": [
            "null",
            {
              "type": "integer"
            }
          ],
          "consonant": [
            "null",
            {
              "type": "integer"
            }
          ]
        }
      }
    }
  },
  "required": [
    "letter"
  ],
  "type": "object"
}
