---
blessing:
reason: "The alphabet field conflicts on type (int vs string), so schema outputs distinct object definitions for keys a and b"
source: genson-cli/tests/map_of_unified_records.rs
expression: stdout_str
info:
  args:
    - "--ndjson"
    - "--map-threshold"
    - "2"
    - "--map-max-rk"
    - "1"
    - "--unify-maps"
  input:
    - letter:
        a:
          alphabet: 0
          vowel: 0
          frequency: 0.0817
    - letter:
        b:
          alphabet: one
          consonant: 0
          frequency: 0.015
---
{
  "$schema": "http://json-schema.org/schema#",
  "properties": {
    "letter": {
      "properties": {
        "a": {
          "properties": {
            "alphabet": {
              "type": "integer"
            },
            "vowel": {
              "type": "integer"
            },
            "frequency": {
              "type": "number"
            }
          },
          "required": [
            "alphabet",
            "frequency",
            "vowel"
          ],
          "type": "object"
        },
        "b": {
          "properties": {
            "alphabet": {
              "type": "string"
            },
            "consonant": {
              "type": "integer"
            },
            "frequency": {
              "type": "number"
            }
          },
          "required": [
            "alphabet",
            "consonant",
            "frequency"
          ],
          "type": "object"
        }
      },
      "type": "object"
    }
  },
  "required": [
    "letter"
  ],
  "type": "object"
}
