---
blessing:
reason: "two_required is Map<String, String> because 2 required keys â‰¤ 2, three_required is Record<stable1: String, stable2: String, stable3: String, varies: String, other: String> because 3 required keys > 2"
source: genson-cli/tests/map_max_required_keys_snapshots.rs
expression: value
info:
  args:
    - "--avro"
    - "--ndjson"
    - "--map-threshold"
    - "3"
    - "--map-max-rk"
    - "2"
  input:
    - two_required:
        common1: always
        common2: present
        varies: sometimes
    - two_required:
        common1: always
        common2: present
        other: value
    - three_required:
        stable1: always
        stable2: present
        stable3: here
        varies: sometimes
    - three_required:
        stable1: always
        stable2: present
        stable3: here
        other: value
---
{
  "type": "record",
  "name": "document",
  "namespace": "genson",
  "fields": [
    {
      "name": "two_required",
      "type": [
        "null",
        {
          "name": "two_required",
          "type": "map",
          "values": "string"
        }
      ]
    },
    {
      "name": "three_required",
      "type": [
        "null",
        {
          "type": "record",
          "name": "three_required",
          "namespace": "genson.document_types",
          "fields": [
            {
              "name": "stable1",
              "type": "string"
            },
            {
              "name": "stable2",
              "type": "string"
            },
            {
              "name": "stable3",
              "type": "string"
            },
            {
              "name": "varies",
              "type": [
                "null",
                "string"
              ]
            },
            {
              "name": "other",
              "type": [
                "null",
                "string"
              ]
            }
          ]
        }
      ]
    }
  ]
}
