---
blessing:
reason: "Scalar string gets promoted to value__string field and unified with object variant - JSON schema shows object with optional id/labels and value__string properties"
source: genson-cli/tests/map_of_unified_records.rs
expression: stdout_str
info:
  args:
    - "--ndjson"
    - "--map-threshold"
    - "2"
    - "--map-max-rk"
    - "1"
    - "--unify-maps"
  input:
    - letters:
        a:
          - index: 0
            value:
              id: X
              labels:
                en: thing
    - letters:
        b:
          - index: 1
            value: scalar-string
---
{
  "$schema": "http://json-schema.org/schema#",
  "properties": {
    "letters": {
      "type": "object",
      "additionalProperties": {
        "type": "array",
        "items": {
          "type": "object",
          "properties": {
            "index": {
              "type": "integer"
            },
            "value": {
              "type": "object",
              "properties": {
                "id": {
                  "type": [
                    "null",
                    "string"
                  ]
                },
                "labels": {
                  "properties": {
                    "en": {
                      "type": "string"
                    }
                  },
                  "required": [
                    "en"
                  ],
                  "type": [
                    "null",
                    "object"
                  ]
                },
                "value__string": {
                  "type": [
                    "null",
                    "string"
                  ]
                }
              }
            }
          },
          "required": [
            "index",
            "value"
          ]
        }
      }
    }
  },
  "required": [
    "letters"
  ],
  "type": "object"
}
