---
source: genson-cli/tests/claims_fixtures.rs
expression: stdout_str
info:
  approved: false
  args:
    - "--map-threshold"
    - "0"
    - "--unify-maps"
    - "--wrap-root"
    - claims
    - "--ndjson"
    - "--avro"
  fixture: tests/data/claims_fixture_x4_L1_min.jsonl
---
{
  "type": "record",
  "name": "document",
  "namespace": "genson",
  "fields": [
    {
      "name": "claims",
      "type": {
        "name": "claims",
        "type": "map",
        "values": {
          "type": "array",
          "items": {
            "type": "record",
            "name": "claims_values",
            "namespace": "genson.document_types",
            "fields": [
              {
                "name": "mainsnak",
                "type": {
                  "type": "record",
                  "name": "mainsnak",
                  "namespace": "genson.document_types.claims_values_types",
                  "fields": [
                    {
                      "name": "property",
                      "type": "string"
                    },
                    {
                      "name": "datatype",
                      "type": "string"
                    },
                    {
                      "name": "datavalue",
                      "type": {
                        "type": "record",
                        "name": "datavalue",
                        "namespace": "genson.document_types.claims_values_types.mainsnak_types",
                        "fields": [
                          {
                            "name": "id",
                            "type": "string"
                          },
                          {
                            "name": "datavalue__string",
                            "type": [
                              "null",
                              "string"
                            ]
                          },
                          {
                            "name": "time",
                            "type": [
                              "null",
                              "string"
                            ]
                          },
                          {
                            "name": "timezone",
                            "type": [
                              "null",
                              "int"
                            ]
                          },
                          {
                            "name": "before",
                            "type": [
                              "null",
                              "int"
                            ]
                          },
                          {
                            "name": "after",
                            "type": [
                              "null",
                              "int"
                            ]
                          },
                          {
                            "name": "precision",
                            "type": [
                              "null",
                              "int"
                            ]
                          },
                          {
                            "name": "calendarmodel",
                            "type": [
                              "null",
                              "string"
                            ]
                          },
                          {
                            "name": "text",
                            "type": [
                              "null",
                              "string"
                            ]
                          },
                          {
                            "name": "language",
                            "type": [
                              "null",
                              "string"
                            ]
                          }
                        ]
                      }
                    }
                  ]
                }
              },
              {
                "name": "rank",
                "type": "string"
              }
            ]
          }
        }
      }
    }
  ]
}
