---
source: genson-cli/tests/claims_fixtures.rs
expression: stdout_str
info:
  approved: false
  args:
    - "--map-threshold"
    - "0"
    - "--unify-maps"
    - "--wrap-root"
    - claims
  fixture: tests/data/claims/x1818_L14_MINIMAL.json
---
{
  "$schema": "http://json-schema.org/schema#",
  "properties": {
    "claims": {
      "type": "object",
      "additionalProperties": {
        "type": "array",
        "items": {
          "type": "object",
          "properties": {
            "mainsnak": {
              "type": "object",
              "additionalProperties": {
                "type": "object",
                "properties": {
                  "datavalue__string": {
                    "type": [
                      "null",
                      "string"
                    ]
                  },
                  "id": {
                    "type": [
                      "null",
                      "string"
                    ]
                  },
                  "labels": {
                    "type": "object",
                    "additionalProperties": {
                      "type": "string"
                    }
                  },
                  "amount": {
                    "type": [
                      "null",
                      "string"
                    ]
                  },
                  "unit": {
                    "type": [
                      "null",
                      "string"
                    ]
                  },
                  "unit-labels": {
                    "type": "object",
                    "additionalProperties": {
                      "type": "string"
                    }
                  }
                }
              }
            },
            "qualifiers": {
              "type": "object",
              "additionalProperties": {
                "type": "array",
                "items": {
                  "type": "object",
                  "additionalProperties": {
                    "type": "object",
                    "properties": {
                      "id": {
                        "type": [
                          "null",
                          "string"
                        ]
                      },
                      "labels": {
                        "type": "object",
                        "additionalProperties": {
                          "type": "string"
                        }
                      },
                      "datavalue__string": {
                        "type": [
                          "null",
                          "string"
                        ]
                      }
                    }
                  }
                }
              }
            },
            "references": {
              "type": [
                "null",
                "array"
              ],
              "items": {
                "type": "object",
                "additionalProperties": {
                  "type": "array",
                  "items": {
                    "type": "object",
                    "additionalProperties": {
                      "type": "object",
                      "properties": {
                        "id": {
                          "type": [
                            "null",
                            "string"
                          ]
                        },
                        "labels": {
                          "type": "object",
                          "additionalProperties": {
                            "type": "string"
                          }
                        },
                        "time": {
                          "type": [
                            "null",
                            "string"
                          ]
                        },
                        "timezone": {
                          "type": [
                            "null",
                            "integer"
                          ]
                        },
                        "before": {
                          "type": [
                            "null",
                            "integer"
                          ]
                        },
                        "after": {
                          "type": [
                            "null",
                            "integer"
                          ]
                        },
                        "precision": {
                          "type": [
                            "null",
                            "integer"
                          ]
                        },
                        "calendarmodel": {
                          "type": [
                            "null",
                            "string"
                          ]
                        }
                      }
                    }
                  }
                }
              }
            }
          },
          "required": [
            "mainsnak"
          ]
        }
      }
    }
  },
  "required": [
    "claims"
  ],
  "type": "object"
}
