---
source: genson-cli/tests/claims_fixtures.rs
expression: stdout_str
info:
  approved: false
  args:
    - "--map-threshold"
    - "0"
    - "--unify-maps"
    - "--wrap-root"
    - claims
    - "--avro"
  fixture: tests/data/claims/x1818_L16_MINIMAL.json
---
{
  "type": "record",
  "name": "document",
  "namespace": "genson",
  "fields": [
    {
      "name": "claims",
      "type": {
        "name": "claims",
        "type": "map",
        "values": {
          "type": "array",
          "items": {
            "type": "record",
            "name": "claims_values",
            "namespace": "genson.document_types",
            "fields": [
              {
                "name": "mainsnak",
                "type": {
                  "name": "mainsnak",
                  "type": "map",
                  "values": {
                    "type": "record",
                    "name": "mainsnak_values",
                    "namespace": "genson.document_types.claims_values_types",
                    "fields": [
                      {
                        "name": "datavalue__string",
                        "type": [
                          "null",
                          "string"
                        ]
                      },
                      {
                        "name": "id",
                        "type": [
                          "null",
                          "string"
                        ]
                      },
                      {
                        "name": "labels",
                        "type": [
                          "null",
                          {
                            "name": "labels",
                            "type": "map",
                            "values": "string"
                          }
                        ]
                      }
                    ]
                  }
                }
              },
              {
                "name": "qualifiers",
                "type": [
                  "null",
                  {
                    "name": "qualifiers",
                    "type": "map",
                    "values": {
                      "type": "array",
                      "items": {
                        "name": "qualifiers_values",
                        "type": "map",
                        "values": {
                          "type": "record",
                          "name": "qualifiers_values_values",
                          "namespace": "genson.document_types.claims_values_types",
                          "fields": [
                            {
                              "name": "id",
                              "type": [
                                "null",
                                "string"
                              ]
                            },
                            {
                              "name": "labels",
                              "type": [
                                "null",
                                {
                                  "name": "labels",
                                  "type": "map",
                                  "values": "string"
                                }
                              ]
                            },
                            {
                              "name": "datavalue__string",
                              "type": [
                                "null",
                                "string"
                              ]
                            }
                          ]
                        }
                      }
                    }
                  }
                ]
              },
              {
                "name": "references",
                "type": [
                  "null",
                  {
                    "type": "array",
                    "items": {
                      "name": "references",
                      "type": "map",
                      "values": {
                        "type": "array",
                        "items": {
                          "name": "references_values",
                          "type": "map",
                          "values": {
                            "type": "record",
                            "name": "references_values_values",
                            "namespace": "genson.document_types.claims_values_types",
                            "fields": [
                              {
                                "name": "id",
                                "type": [
                                  "null",
                                  "string"
                                ]
                              },
                              {
                                "name": "labels",
                                "type": [
                                  "null",
                                  {
                                    "name": "labels",
                                    "type": "map",
                                    "values": "string"
                                  }
                                ]
                              },
                              {
                                "name": "time",
                                "type": [
                                  "null",
                                  "string"
                                ]
                              },
                              {
                                "name": "timezone",
                                "type": [
                                  "null",
                                  "int"
                                ]
                              },
                              {
                                "name": "before",
                                "type": [
                                  "null",
                                  "int"
                                ]
                              },
                              {
                                "name": "after",
                                "type": [
                                  "null",
                                  "int"
                                ]
                              },
                              {
                                "name": "precision",
                                "type": [
                                  "null",
                                  "int"
                                ]
                              },
                              {
                                "name": "calendarmodel",
                                "type": [
                                  "null",
                                  "string"
                                ]
                              }
                            ]
                          }
                        }
                      }
                    }
                  }
                ]
              }
            ]
          }
        }
      }
    }
  ]
}
