---
source: genson-cli/tests/claims_fixtures.rs
expression: stdout_str
info:
  approved: false
  args:
    - "--map-threshold"
    - "0"
    - "--unify-maps"
    - "--wrap-root"
    - claims
    - "--normalise"
  fixture: tests/data/claims/x1818_L5_MINIMAL.json
---
[
  {
    "claims": {
      "P244": [
        {
          "mainsnak": {
            "datavalue": "sh85005490",
            "P1810": null
          },
          "qualifiers": {
            "datavalue": null,
            "P1810": [
              {
                "datavalue": "Antarctica"
              }
            ]
          }
        }
      ],
      "P625": [
        {
          "mainsnak": {
            "datavalue": {
              "latitude": -90,
              "longitude": 0,
              "altitude": null,
              "precision": 10,
              "globe": "http://www.wikidata.org/entity/Q2"
            }
          }
        }
      ],
      "P901": [
        {
          "mainsnak": {
            "datavalue": "AY"
          },
          "references": [
            {
              "P248": [
                {
                  "datavalue": {
                    "id": "Q3063249",
                    "labels": {
                      "vi": "FIPS 10-4"
                    },
                    "datavalue__string": null
                  }
                }
              ],
              "P1065": [
                {
                  "datavalue": {
                    "id": null,
                    "labels": null,
                    "datavalue__string": "https://web.archive.org/web/20010208080459/http://www.itl.nist.gov:80/fipspubs/fip10-4.htm"
                  }
                }
              ]
            }
          ]
        }
      ],
      "P5008": [
        {
          "mainsnak": {
            "datavalue": {
              "id": "Q5460604",
              "labels": {
                "xh": "Wikipedia:Vital articles"
              }
            },
            "P585": null
          }
        },
        {
          "mainsnak": {
            "datavalue": {
              "id": "Q6173448",
              "labels": {
                "fa": "ویکی‌پدیا:مقاله‌های حیاتی/سطح/۴"
              }
            },
            "P585": null
          },
          "qualifiers": {
            "datavalue": null,
            "P585": [
              {
                "datavalue": {
                  "time": "+2022-10-31T00:00:00Z",
                  "timezone": 0,
                  "before": 0,
                  "after": 0,
                  "precision": 11,
                  "calendarmodel": "http://www.wikidata.org/entity/Q1985727"
                }
              }
            ]
          }
        }
      ],
      "P1343": [
        {
          "mainsnak": {
            "datavalue": {
              "id": "Q19180675",
              "labels": {
                "ru": "Малый энциклопедический словарь Брокгауза и Ефрона"
              }
            },
            "P805": null
          },
          "qualifiers": {
            "datavalue": null,
            "P805": [
              {
                "datavalue": {
                  "id": "Q24734052",
                  "labels": "МЭСБЕ / Антарктический"
                }
              }
            ]
          }
        },
        {
          "mainsnak": {
            "datavalue": {
              "id": "Q602358",
              "labels": {
                "it": "Dizionario Enciclopedico Brockhaus ed Efron"
              }
            },
            "P805": null
          },
          "qualifiers": {
            "datavalue": null,
            "P805": [
              {
                "datavalue": {
                  "id": "Q24507898",
                  "labels": "ЭСБЕ / Эндербилэнд"
                }
              }
            ]
          }
        }
      ],
      "P1332": [
        {
          "mainsnak": {
            "datavalue": {
              "latitude": -63.213305555556,
              "longitude": -57.302194444444,
              "altitude": null,
              "precision": 0.000027777777777778,
              "globe": "http://www.wikidata.org/entity/Q2"
            },
            "P805": null
          },
          "qualifiers": {
            "datavalue": null,
            "P805": [
              {
                "datavalue": {
                  "id": "Q984853",
                  "labels": {
                    "nn": "Prime Head"
                  }
                }
              }
            ]
          }
        }
      ]
    }
  }
]
