---
source: genson-cli/tests/claims_fixtures.rs
expression: stdout_str
info:
  approved: false
  args:
    - "--map-threshold"
    - "0"
    - "--unify-maps"
    - "--wrap-root"
    - claims
    - "--ndjson"
    - "--normalise"
  fixture: tests/data/claims_fixture_x4_L1_min.jsonl
---
{"claims":{"P31":[{"mainsnak":{"property":"P31","datatype":"wikibase-item","datavalue":{"id":"Q15632617","datavalue__string":null,"text":null,"language":null,"time":null,"timezone":null,"before":null,"after":null,"precision":null,"calendarmodel":null}},"rank":"normal"}],"P40":[{"mainsnak":{"property":"P40","datatype":"wikibase-item","datavalue":{"id":"Q1049347","datavalue__string":null,"text":null,"language":null,"time":null,"timezone":null,"before":null,"after":null,"precision":null,"calendarmodel":null}},"rank":"normal"}],"P27":[{"mainsnak":{"property":"P27","datatype":"wikibase-item","datavalue":{"id":"Q30","datavalue__string":null,"text":null,"language":null,"time":null,"timezone":null,"before":null,"after":null,"precision":null,"calendarmodel":null}},"rank":"normal"}],"P345":[{"mainsnak":{"property":"P345","datatype":"external-id","datavalue":{"id":null,"datavalue__string":"ch0009881","text":null,"language":null,"time":null,"timezone":null,"before":null,"after":null,"precision":null,"calendarmodel":null}},"rank":"deprecated"}],"P108":[{"mainsnak":{"property":"P108","datatype":"wikibase-item","datavalue":{"id":"Q2944031","datavalue__string":null,"text":null,"language":null,"time":null,"timezone":null,"before":null,"after":null,"precision":null,"calendarmodel":null}},"rank":"normal"}],"P463":[{"mainsnak":{"property":"P463","datatype":"wikibase-item","datavalue":{"id":"Q209114","datavalue__string":null,"text":null,"language":null,"time":null,"timezone":null,"before":null,"after":null,"precision":null,"calendarmodel":null}},"rank":"normal"}],"P569":[{"mainsnak":{"property":"P569","datatype":"time","datavalue":{"id":null,"datavalue__string":null,"text":null,"language":null,"time":"+1966-02-18T00:00:00Z","timezone":0,"before":0,"after":0,"precision":11,"calendarmodel":"http://www.wikidata.org/entity/Q1985727"}},"rank":"normal"}],"P451":[{"mainsnak":{"property":"P451","datatype":"wikibase-item","datavalue":{"id":"Q284262","datavalue__string":null,"text":null,"language":null,"time":null,"timezone":null,"before":null,"after":null,"precision":null,"calendarmodel":null}},"rank":"normal"}],"P19":[{"mainsnak":{"property":"P19","datatype":"wikibase-item","datavalue":{"id":"Q47164","datavalue__string":null,"text":null,"language":null,"time":null,"timezone":null,"before":null,"after":null,"precision":null,"calendarmodel":null}},"rank":"normal"}],"P22":[{"mainsnak":{"property":"P22","datatype":"wikibase-item","datavalue":{"id":"Q3322144","datavalue__string":null,"text":null,"language":null,"time":null,"timezone":null,"before":null,"after":null,"precision":null,"calendarmodel":null}},"rank":"normal"}],"P166":[{"mainsnak":{"property":"P166","datatype":"wikibase-item","datavalue":{"id":"Q852071","datavalue__string":null,"text":null,"language":null,"time":null,"timezone":null,"before":null,"after":null,"precision":null,"calendarmodel":null}},"rank":"normal"}],"P410":[{"mainsnak":{"property":"P410","datatype":"wikibase-item","datavalue":{"id":"Q19100","datavalue__string":null,"text":null,"language":null,"time":null,"timezone":null,"before":null,"after":null,"precision":null,"calendarmodel":null}},"rank":"normal"}],"P26":[{"mainsnak":{"property":"P26","datatype":"wikibase-item","datavalue":{"id":"Q1095612","datavalue__string":null,"text":null,"language":null,"time":null,"timezone":null,"before":null,"after":null,"precision":null,"calendarmodel":null}},"rank":"normal"}],"P512":[{"mainsnak":{"property":"P512","datatype":"wikibase-item","datavalue":{"id":"Q1765120","datavalue__string":null,"text":null,"language":null,"time":null,"timezone":null,"before":null,"after":null,"precision":null,"calendarmodel":null}},"rank":"normal"}],"P106":[{"mainsnak":{"property":"P106","datatype":"wikibase-item","datavalue":{"id":"Q5446967","datavalue__string":null,"text":null,"language":null,"time":null,"timezone":null,"before":null,"after":null,"precision":null,"calendarmodel":null}},"rank":"normal"}],"P21":[{"mainsnak":{"property":"P21","datatype":"wikibase-item","datavalue":{"id":"Q6581097","datavalue__string":null,"text":null,"language":null,"time":null,"timezone":null,"before":null,"after":null,"precision":null,"calendarmodel":null}},"rank":"normal"}],"P646":[{"mainsnak":{"property":"P646","datatype":"external-id","datavalue":{"id":null,"datavalue__string":"/m/022jzf","text":null,"language":null,"time":null,"timezone":null,"before":null,"after":null,"precision":null,"calendarmodel":null}},"rank":"normal"}],"P18":[{"mainsnak":{"property":"P18","datatype":"commonsMedia","datavalue":{"id":null,"datavalue__string":"Kiefer Sutherland at 24 Redemption premiere 1 (headshot).jpg","text":null,"language":null,"time":null,"timezone":null,"before":null,"after":null,"precision":null,"calendarmodel":null}},"rank":"normal"}],"P1441":[{"mainsnak":{"property":"P1441","datatype":"wikibase-item","datavalue":{"id":"Q56194","datavalue__string":null,"text":null,"language":null,"time":null,"timezone":null,"before":null,"after":null,"precision":null,"calendarmodel":null}},"rank":"normal"}],"P1448":[{"mainsnak":{"property":"P1448","datatype":"monolingualtext","datavalue":{"id":null,"datavalue__string":null,"text":"Jack Bauer","language":"en","time":null,"timezone":null,"before":null,"after":null,"precision":null,"calendarmodel":null}},"rank":"normal"}],"P3373":[{"mainsnak":{"property":"P3373","datatype":"wikibase-item","datavalue":{"id":"Q10290844","datavalue__string":null,"text":null,"language":null,"time":null,"timezone":null,"before":null,"after":null,"precision":null,"calendarmodel":null}},"rank":"normal"}],"P3417":[{"mainsnak":{"property":"P3417","datatype":"external-id","datavalue":{"id":null,"datavalue__string":"Jack-Bauer","text":null,"language":null,"time":null,"timezone":null,"before":null,"after":null,"precision":null,"calendarmodel":null}},"rank":"normal"}],"P4839":[{"mainsnak":{"property":"P4839","datatype":"external-id","datavalue":{"id":null,"datavalue__string":"Entity[\"FictionalCharacter\", \"JackBauer\"]","text":null,"language":null,"time":null,"timezone":null,"before":null,"after":null,"precision":null,"calendarmodel":null}},"rank":"normal"}],"P175":[{"mainsnak":{"property":"P175","datatype":"wikibase-item","datavalue":{"id":"Q103946","datavalue__string":null,"text":null,"language":null,"time":null,"timezone":null,"before":null,"after":null,"precision":null,"calendarmodel":null}},"rank":"normal"}],"P1412":[{"mainsnak":{"property":"P1412","datatype":"wikibase-item","datavalue":{"id":"Q1860","datavalue__string":null,"text":null,"language":null,"time":null,"timezone":null,"before":null,"after":null,"precision":null,"calendarmodel":null}},"rank":"normal"}],"P1417":[{"mainsnak":{"property":"P1417","datatype":"external-id","datavalue":{"id":null,"datavalue__string":"topic/Jack-Bauer","text":null,"language":null,"time":null,"timezone":null,"before":null,"after":null,"precision":null,"calendarmodel":null}},"rank":"normal"}],"P5800":[{"mainsnak":{"property":"P5800","datatype":"wikibase-item","datavalue":{"id":"Q215972","datavalue__string":null,"text":null,"language":null,"time":null,"timezone":null,"before":null,"after":null,"precision":null,"calendarmodel":null}},"rank":"normal"}],"P6262":[{"mainsnak":{"property":"P6262","datatype":"external-id","datavalue":{"id":null,"datavalue__string":"24:Jack_Bauer","text":null,"language":null,"time":null,"timezone":null,"before":null,"after":null,"precision":null,"calendarmodel":null}},"rank":"normal"}],"P570":[{"mainsnak":{"property":"P570","datatype":"time","datavalue":{"id":null,"datavalue__string":null,"text":null,"language":null,"time":null,"timezone":null,"before":null,"after":null,"precision":null,"calendarmodel":null}},"rank":"normal"}],"P2581":[{"mainsnak":{"property":"P2581","datatype":"external-id","datavalue":{"id":null,"datavalue__string":"03111055n","text":null,"language":null,"time":null,"timezone":null,"before":null,"after":null,"precision":null,"calendarmodel":null}},"rank":"normal"}],"P10291":[{"mainsnak":{"property":"P10291","datatype":"external-id","datavalue":{"id":null,"datavalue__string":"12819","text":null,"language":null,"time":null,"timezone":null,"before":null,"after":null,"precision":null,"calendarmodel":null}},"rank":"normal"}],"P10757":[{"mainsnak":{"property":"P10757","datatype":"external-id","datavalue":{"id":null,"datavalue__string":"170","text":null,"language":null,"time":null,"timezone":null,"before":null,"after":null,"precision":null,"calendarmodel":null}},"rank":"normal"}],"P3553":[{"mainsnak":{"property":"P3553","datatype":"external-id","datavalue":{"id":null,"datavalue__string":"19959170","text":null,"language":null,"time":null,"timezone":null,"before":null,"after":null,"precision":null,"calendarmodel":null}},"rank":"normal"}]}}
