---
source: genson-cli/tests/claims_fixtures.rs
expression: stdout_str
info:
  approved: false
  args:
    - "--map-threshold"
    - "0"
    - "--unify-maps"
    - "--wrap-root"
    - claims
    - "--normalise"
  fixture: tests/data/claims/x1818_L4_MINIMAL.json
---
[
  {
    "claims": {
      "P119": [
        {
          "mainsnak": {
            "datavalue": {
              "id": "Q533697",
              "labels": {
                "it": "cimitero di Highgate"
              },
              "datavalue__string": null
            }
          },
          "qualifiers": {
            "P625": [
              {
                "datavalue": {
                  "precision": {
                    "precision__integer": null,
                    "precision__number": 0.00002777777777777778
                  },
                  "time": null,
                  "timezone": null,
                  "before": null,
                  "after": null,
                  "calendarmodel": null,
                  "latitude": 51.56652777777778,
                  "longitude": -0.14544444444444443,
                  "altitude": null,
                  "globe": "http://www.wikidata.org/entity/Q2"
                }
              }
            ]
          },
          "references": [
            {
              "P854": [
                {
                  "datavalue": {
                    "id": null,
                    "labels": null,
                    "datavalue__string": "http://highgatecemetery.org/visit/who",
                    "time": null,
                    "timezone": null,
                    "before": null,
                    "after": null,
                    "precision": null,
                    "calendarmodel": null,
                    "text": null,
                    "language": null
                  }
                }
              ],
              "P407": [
                {
                  "datavalue": {
                    "id": "Q1860",
                    "labels": {
                      "tg": "ингилисӣ"
                    },
                    "datavalue__string": null,
                    "time": null,
                    "timezone": null,
                    "before": null,
                    "after": null,
                    "precision": null,
                    "calendarmodel": null,
                    "text": null,
                    "language": null
                  }
                }
              ],
              "P813": [
                {
                  "datavalue": {
                    "id": null,
                    "labels": null,
                    "datavalue__string": null,
                    "time": "+2013-12-07T00:00:00Z",
                    "timezone": 0,
                    "before": 0,
                    "after": 0,
                    "precision": 11,
                    "calendarmodel": "http://www.wikidata.org/entity/Q1985727",
                    "text": null,
                    "language": null
                  }
                }
              ],
              "P1476": [
                {
                  "datavalue": {
                    "id": null,
                    "labels": null,
                    "datavalue__string": null,
                    "time": null,
                    "timezone": null,
                    "before": null,
                    "after": null,
                    "precision": null,
                    "calendarmodel": null,
                    "text": "Who’s here",
                    "language": "en"
                  }
                }
              ],
              "P248": [
                {
                  "datavalue": {
                    "id": "Q533697",
                    "labels": {
                      "it": "cimitero di Highgate"
                    },
                    "datavalue__string": null,
                    "time": null,
                    "timezone": null,
                    "before": null,
                    "after": null,
                    "precision": null,
                    "calendarmodel": null,
                    "text": null,
                    "language": null
                  }
                }
              ],
              "P1065": [
                {
                  "datavalue": {
                    "id": null,
                    "labels": null,
                    "datavalue__string": "https://web.archive.org/web/20131203025040/http://highgatecemetery.org/visit/who",
                    "time": null,
                    "timezone": null,
                    "before": null,
                    "after": null,
                    "precision": null,
                    "calendarmodel": null,
                    "text": null,
                    "language": null
                  }
                }
              ],
              "P2960": [
                {
                  "datavalue": {
                    "id": null,
                    "labels": null,
                    "datavalue__string": null,
                    "time": "+2013-12-03T00:00:00Z",
                    "timezone": 0,
                    "before": 0,
                    "after": 0,
                    "precision": 11,
                    "calendarmodel": "http://www.wikidata.org/entity/Q1985727",
                    "text": null,
                    "language": null
                  }
                }
              ]
            }
          ]
        }
      ],
      "P1015": [
        {
          "mainsnak": {
            "datavalue": {
              "id": null,
              "labels": null,
              "datavalue__string": "90196888"
            }
          },
          "qualifiers": null,
          "references": null
        }
      ],
      "P734": [
        {
          "mainsnak": {
            "datavalue": {
              "id": "Q351735",
              "labels": {
                "ar": "آدامز"
              },
              "datavalue__string": null
            }
          },
          "qualifiers": null,
          "references": [
            {
              "P248": [
                {
                  "datavalue": {
                    "id": "Q36578",
                    "labels": {
                      "de": "Gemeinsame Normdatei"
                    },
                    "datavalue__string": null,
                    "time": null,
                    "timezone": null,
                    "before": null,
                    "after": null,
                    "precision": null,
                    "calendarmodel": null,
                    "text": null,
                    "language": null
                  }
                }
              ],
              "P227": [
                {
                  "datavalue": {
                    "id": null,
                    "labels": null,
                    "datavalue__string": "119033364",
                    "time": null,
                    "timezone": null,
                    "before": null,
                    "after": null,
                    "precision": null,
                    "calendarmodel": null,
                    "text": null,
                    "language": null
                  }
                }
              ],
              "P407": [
                {
                  "datavalue": {
                    "id": "Q188",
                    "labels": {
                      "tg": "забони олмонӣ"
                    },
                    "datavalue__string": null,
                    "time": null,
                    "timezone": null,
                    "before": null,
                    "after": null,
                    "precision": null,
                    "calendarmodel": null,
                    "text": null,
                    "language": null
                  }
                }
              ],
              "P813": [
                {
                  "datavalue": {
                    "id": null,
                    "labels": null,
                    "datavalue__string": null,
                    "time": "+2022-10-09T00:00:00Z",
                    "timezone": 0,
                    "before": 0,
                    "after": 0,
                    "precision": 11,
                    "calendarmodel": "http://www.wikidata.org/entity/Q1985727",
                    "text": null,
                    "language": null
                  }
                }
              ]
            }
          ]
        }
      ],
      "P551": [
        {
          "mainsnak": {
            "datavalue": {
              "id": "Q159288",
              "labels": {
                "zh-hans": "圣巴巴拉"
              },
              "datavalue__string": null
            }
          },
          "qualifiers": {
            "P582": [
              {
                "datavalue": {
                  "precision": {
                    "precision__integer": 11,
                    "precision__number": null
                  },
                  "time": "+2001-05-11T00:00:00Z",
                  "timezone": 0,
                  "before": 0,
                  "after": 0,
                  "calendarmodel": "http://www.wikidata.org/entity/Q1985727",
                  "latitude": null,
                  "longitude": null,
                  "altitude": null,
                  "globe": null
                }
              }
            ]
          },
          "references": [
            {
              "P143": [
                {
                  "datavalue": {
                    "id": "Q328",
                    "labels": {
                      "en": "English Wikipedia"
                    },
                    "datavalue__string": null,
                    "time": null,
                    "timezone": null,
                    "before": null,
                    "after": null,
                    "precision": null,
                    "calendarmodel": null,
                    "text": null,
                    "language": null
                  }
                }
              ]
            }
          ]
        },
        {
          "mainsnak": {
            "datavalue": {
              "id": "Q84",
              "labels": {
                "en": "London"
              },
              "datavalue__string": null
            }
          },
          "qualifiers": {
            "P580": [
              {
                "datavalue": {
                  "precision": {
                    "precision__integer": 10,
                    "precision__number": null
                  },
                  "time": "+1952-09-00T00:00:00Z",
                  "timezone": 0,
                  "before": 0,
                  "after": 0,
                  "calendarmodel": "http://www.wikidata.org/entity/Q1985727",
                  "latitude": null,
                  "longitude": null,
                  "altitude": null,
                  "globe": null
                }
              }
            ]
          },
          "references": [
            {
              "P143": [
                {
                  "datavalue": {
                    "id": "Q328",
                    "labels": {
                      "en": "English Wikipedia"
                    },
                    "datavalue__string": null,
                    "time": null,
                    "timezone": null,
                    "before": null,
                    "after": null,
                    "precision": null,
                    "calendarmodel": null,
                    "text": null,
                    "language": null
                  }
                }
              ]
            }
          ]
        }
      ]
    }
  }
]
