---
source: genson-cli/tests/normalise.rs
expression: value
info:
  approved: true
  args:
    - "--normalise"
    - "--ndjson"
    - "--map-threshold"
    - "2"
  input:
    - id: A
      labels:
        en: Hello
    - id: B
      labels:
        fr: Bonjour
---
{"id":"A","labels":{"en":"Hello"}}
{"id":"B","labels":{"fr":"Bonjour"}}
