---
source: genson-cli/tests/normalise.rs
expression: stdout_str
---
{"id":"A","labels":{}}
{"id":"B","labels":{}}
