---
source: genson-cli/tests/normalise.rs
expression: value
info:
  approved: true
  args:
    - "--normalise"
    - "--ndjson"
  input:
    - foo:
        - bar
        - baz
    - foo: json
---
{"foo":["bar","baz"]}
{"foo":["json"]}
