---
source: genson-cli/tests/normalise.rs
expression: stdout_str
---
{"foo":["json"]}
{"foo":["bar","baz"]}
